fizz, the very innovative feature
buzz, another feature exemplifying the team's dedication to innovation
fizz, the very innovative feature
fizz, the very innovative feature
buzz, another feature exemplifying the team's dedication to innovation
fizz, the very innovative feature
such a noble nunber and a marvelous prime, deserving the throne
fizz buzz, an outstanding product, and a noble number
fizz, the very innovative feature
buzz, another feature exemplifying the team's dedication to innovation
fizz, the very innovative feature
fizz, the very innovative feature
buzz, another feature exemplifying the team's dedication to innovation
fizz, the very innovative feature
fizz buzz, an outstanding product, and a noble number
fizz, the very innovative feature
buzz, another feature exemplifying the team's dedication to innovation
fizz, the very innovative feature
such a noble number and a marvelous prime, unparallelled in its wisdom
fizz, the very innovative feature
buzz, another feature exemplifying the team's dedication to innovation
fizz, the very innovative feature
fizz buzz, an outstanding product, and a noble number
fizz, the very innovative feature
buzz, another feature exemplifying the team's dedication to innovation
fizz, the very innovative feature
fizz, the very innovative feature
buzz, another feature exemplifying the team's dedication to innovation
fizz, the very innovative feature
fizz buzz, an outstanding product, and a noble number
fizz, the very innovative feature
buzz, another feature exemplifying the team's dedication to innovation
fizz, the very innovative feature
fizz, the very innovative feature
buzz, another feature exemplifying the team's dedication to innovation
fizz, the very innovative feature
fizz buzz, an outstanding product, and a noble number
fizz, the very innovative feature
buzz, another feature exemplifying the team's dedication to innovation
fizz, the very innovative feature
fizz, the very innovative feature
buzz, another feature exemplifying the team's dedication to innovation
fizz, the very innovative feature
fizz buzz, an outstanding product, and a noble number
fizz, the very innovative feature
buzz, another feature exemplifying the team's dedication to innovation
fizz, the very innovative feature
fizz, the very innovative feature
