Hello, Night!
5.400000
01501-1.600000
0 2 4 
0 1 2 3 
